﻿
> sakura-nihongo@0.0.0 build
> vite build

[36mvite v6.4.1 [32mbuilding for production...[36m[39m
transforming...
[32mΓ£ô[39m 200 modules transformed.
node.exe : [31mΓ£ù[39m Build failed in 3.84s
At line:1 char:1
+ & "C:\Program Files\nodejs/node.exe" "C:\Program Files\nodejs/node_mo ...
+ ~~~~~~~~~~~~~~~~~~~~~~~~~~~~~~~~~~~~~~~~~~~~~~~~~~~~~~~~~~~~~~~~~~~~~
    + CategoryInfo          : NotSpecified: ([31mΓ£ù[39m Build failed in 3.84s:String) [], RemoteException
    + FullyQualifiedErrorId : NativeCommandError
 
[31merror during build:
[31m[vite-plugin-pwa:build] [plugin vite-plugin-pwa:build] src/components/video/AnalysisPanel.tsx (570:13): There was 
an error during the build:
  Transform failed with 3 errors:
C:/Users/Pheo/OneDrive/Documents/NetBeansProjects/lex-love-loom/src/components/video/AnalysisPanel.tsx:570:13: ERROR: 
The character "}" is not valid inside a JSX element
C:/Users/Pheo/OneDrive/Documents/NetBeansProjects/lex-love-loom/src/components/video/AnalysisPanel.tsx:571:12: ERROR: 
Unexpected closing "ScrollArea" tag does not match opening "div" tag
C:/Users/Pheo/OneDrive/Documents/NetBeansProjects/lex-love-loom/src/components/video/AnalysisPanel.tsx:572:21: ERROR: 
Unterminated regular expression
Additionally, handling the error in the 'buildEnd' hook caused the following error:
  Transform failed with 3 errors:
C:/Users/Pheo/OneDrive/Documents/NetBeansProjects/lex-love-loom/src/components/video/AnalysisPanel.tsx:570:13: ERROR: 
The character "}" is not valid inside a JSX element
C:/Users/Pheo/OneDrive/Documents/NetBeansProjects/lex-love-loom/src/components/video/AnalysisPanel.tsx:571:12: ERROR: 
Unexpected closing "ScrollArea" tag does not match opening "div" tag
C:/Users/Pheo/OneDrive/Documents/NetBeansProjects/lex-love-loom/src/components/video/AnalysisPanel.tsx:572:21: ERROR: 
Unterminated regular expression[31m
file: 
[36mC:/Users/Pheo/OneDrive/Documents/NetBeansProjects/lex-love-loom/src/components/video/AnalysisPanel.tsx:570:13[31m
[33m
[33mThe character "}" is not valid inside a JSX element[33m
568|                  Ask about the current segment to get detailed cultural and grammatical explanations.
569|                </div>
570|              )}
   |               ^
571|            </ScrollArea>
572|          </motion.div>

[33mUnexpected closing "ScrollArea" tag does not match opening "div" tag[33m
569|                </div>
570|              )}
571|            </ScrollArea>
   |              ^
572|          </motion.div>
573|        )}

[33mUnterminated regular expression[33m
570|              )}
571|            </ScrollArea>
572|          </motion.div>
   |                       ^
573|        )}
574|        
[31m
    at getRollupError (file:///C:/Users/Pheo/OneDrive/Documents/NetBeansProjects/lex-love-loom/node_modules/vite/node_m
odules/rollup/dist/es/shared/parseAst.js:406:41)
    at file:///C:/Users/Pheo/OneDrive/Documents/NetBeansProjects/lex-love-loom/node_modules/vite/node_modules/rollup/di
st/es/shared/node-entry.js:23522:39
    at process.processTicksAndRejections (node:internal/process/task_queues:104:5)
    at async catchUnfinishedHookActions (file:///C:/Users/Pheo/OneDrive/Documents/NetBeansProjects/lex-love-loom/node_m
odules/vite/node_modules/rollup/dist/es/shared/node-entry.js:22980:16)
    at async rollupInternal (file:///C:/Users/Pheo/OneDrive/Documents/NetBeansProjects/lex-love-loom/node_modules/vite/
node_modules/rollup/dist/es/shared/node-entry.js:23505:5)
    at async buildEnvironment (file:///C:/Users/Pheo/OneDrive/Documents/NetBeansProjects/lex-love-loom/node_modules/vit
e/dist/node/chunks/dep-D4NMHUTW.js:46235:14)
    at async Object.defaultBuildApp [as buildApp] (file:///C:/Users/Pheo/OneDrive/Documents/NetBeansProjects/lex-love-l
oom/node_modules/vite/dist/node/chunks/dep-D4NMHUTW.js:46713:5)
    at async CAC.<anonymous> 
(file:///C:/Users/Pheo/OneDrive/Documents/NetBeansProjects/lex-love-loom/node_modules/vite/dist/node/cli.js:863:7)[39m
