[36mvite v5.4.19 [32mbuilding for production...[36m[39m
transforming...
node.exe : 
Browserslist: 
browsers data 
(caniuse-lite) is 8 
months old. Please 
run:
At C:\Program Files\n
odejs\npx.ps1:29 
char:3
+   & $NODE_EXE 
$NPX_CLI_JS $args
+   ~~~~~~~~~~~~~~~~~
~~~~~~~~~~~~
    + CategoryInfo   
           : NotSpe  
  cified: (Browser   
 slist: b...ld. P    
lease run::Strin    
g) [], RemoteExc    
eption
    + FullyQualified 
   ErrorId : Native  
  CommandError
 
  npx update-browsers
list-db@latest
  Why you should do 
it regularly: https:/
/github.com/browsersl
ist/update-db#readme
[32m笨・[39m 3843 modules transformed.
[31mx[39m Build 
failed in 7.81s
[31merror during 
build:
[31msrc/pages/Flashc
ardGames.tsx (20:9): 
"MatchGame" is not 
exported by "src/comp
onents/games/MatchGam
e.tsx", imported by "
src/pages/FlashcardGa
mes.tsx".[31m
file: [36mC:/Users/P
heo/.gemini/antigravi
ty/scratch/lex-love-l
oom/src/pages/Flashca
rdGames.tsx:20:9[31m
[33m
18: import { useAuth 
} from 
'@/hooks/useAuth';
19: import { 
supabase } from '@/in
tegrations/supabase/c
lient';
20: import { 
MatchGame } from '@/c
omponents/games/Match
Game';
             ^
21: import { 
MultipleChoiceGame } 
from '@/components/ga
mes/MultipleChoiceGam
e';
22: import { 
WriteGame } from '@/c
omponents/games/Write
Game';
[31m
    at 
getRollupError (file:
///C:/Users/Pheo/.gem
ini/antigravity/scrat
ch/lex-love-loom/node
_modules/rollup/dist/
es/shared/parseAst.js
:395:41)
    at error (file://
/C:/Users/Pheo/.gemin
i/antigravity/scratch
/lex-love-loom/node_m
odules/rollup/dist/es
/shared/parseAst.js:3
91:42)
    at Module.error (
file:///C:/Users/Pheo
/.gemini/antigravity/
scratch/lex-love-loom
/node_modules/rollup/
dist/es/shared/node-e
ntry.js:15535:16)
    at 
Module.traceVariable 
(file:///C:/Users/Phe
o/.gemini/antigravity
/scratch/lex-love-loo
m/node_modules/rollup
/dist/es/shared/node-
entry.js:15984:29)
    at ModuleScope.fi
ndVariable (file:///C
:/Users/Pheo/.gemini/
antigravity/scratch/l
ex-love-loom/node_mod
ules/rollup/dist/es/s
hared/node-entry.js:1
3770:39)
    at ReturnValueSco
pe.findVariable (file
:///C:/Users/Pheo/.ge
mini/antigravity/scra
tch/lex-love-loom/nod
e_modules/rollup/dist
/es/shared/node-entry
.js:5252:38)
    at FunctionBodySc
ope.findVariable (fil
e:///C:/Users/Pheo/.g
emini/antigravity/scr
atch/lex-love-loom/no
de_modules/rollup/dis
t/es/shared/node-entr
y.js:5252:38)
    at ReturnValueSco
pe.findVariable (file
:///C:/Users/Pheo/.ge
mini/antigravity/scra
tch/lex-love-loom/nod
e_modules/rollup/dist
/es/shared/node-entry
.js:5252:38)
    at FunctionBodySc
ope.findVariable (fil
e:///C:/Users/Pheo/.g
emini/antigravity/scr
atch/lex-love-loom/no
de_modules/rollup/dis
t/es/shared/node-entr
y.js:5252:38)
    at BlockScope.fin
dVariable (file:///C:
/Users/Pheo/.gemini/a
ntigravity/scratch/le
x-love-loom/node_modu
les/rollup/dist/es/sh
ared/node-entry.js:52
52:38)[39m
